// Jest Snapshot v1, https://goo.gl/fbAQLP

exports[`Testing App Choose a currency 1`] = `ShallowWrapper {}`;
